node.exe : C:\Users\leiloespb\Desktop\Proj
etos\revistagestao\node_modules\resend\dis
t\index.cjs:901
No linha:1 caractere:1
+ & "C:\nvm4w\nodejs/node.exe" 
"C:\nvm4w\nodejs/node_modules/npm/bin/np 
...
+ ~~~~~~~~~~~~~~~~~~~~~~~~~~~~~~~~~~~~~~~~
~~~~~~~~~~~~~~~~~~~~~~~~~~~~~
    + CategoryInfo          : NotSpecifie 
   d: (C:\Users\leiloe...t\index.cjs:901  
  :String) [], RemoteException
    + FullyQualifiedErrorId : NativeComma 
   ndError
 
			if (!this.key) throw new 
Error("Missing API key. Pass it to the 
constructor `new Resend(\"re_123\")`");
			                     ^

Error: Missing API key. Pass it to the 
constructor `new Resend("re_123")`
    at new Resend (C:\Users\leiloespb\Desk
top\Projetos\revistagestao\node_modules\re
send\dist\index.cjs:901:25)
    at <anonymous> (C:\Users\leiloespb\Des
ktop\Projetos\revistagestao\src\lib\newsle
tter-service.ts:5:16)
    at Object.<anonymous> (C:\Users\leiloe
spb\Desktop\Projetos\revistagestao\src\lib
\newsletter-service.ts:22:36)
    at Module._compile 
(node:internal/modules/cjs/loader:1705:14)
    at Object.transformer (C:\Users\leiloe
spb\Desktop\Projetos\revistagestao\node_mo
dules\tsx\dist\register-D46fvsV_.cjs:3:110
4)
    at Module.load 
(node:internal/modules/cjs/loader:1441:32)
    at Function._load 
(node:internal/modules/cjs/loader:1263:12)
    at TracingChannel.traceSync 
(node:diagnostics_channel:328:14)
    at wrapModuleLoad 
(node:internal/modules/cjs/loader:237:24)
    at Module.require 
(node:internal/modules/cjs/loader:1463:12)

Node.js v22.22.2
